
> broteam-translate-bot@0.11.2 test
> jest contentDeduplication.test.ts

2026-02-03T10:15:47.666Z [warn]: Duplicate content detected (similarity: 88.9%): "This is some example content with many words also" vs "This is some example content with many words"
2026-02-03T10:15:48.816Z [warn]: Duplicate content detected (similarity: 88.9%): "Second piece of content with many words here now" vs "Second piece of content with many words here"
2026-02-03T10:15:49.958Z [warn]: Duplicate content detected (exact match): "HELLO WORLD TEST CONTENT"
2026-02-03T10:15:50.716Z [warn]: Duplicate content detected (similarity: 88.9%): "This is some example content with many words also" vs "This is some example content with many words"
2026-02-03T10:15:53.618Z [info]: Pruned posted outputs log from 1000 to 500 entries
2026-02-03T10:15:57.837Z [warn]: Duplicate content detected (exact match): "hello world this is test content for similarity"
2026-02-03T10:15:57.839Z [warn]: Duplicate content detected (similarity: 88.9%): "hello world this is test content for similarity check" vs "hello world this is test content for similarity"
2026-02-03T10:15:58.218Z [warn]: Duplicate content detected (exact match): "hello world"
2026-02-03T10:15:58.583Z [warn]: Duplicate content detected (exact match): "Hello! How are you? #test @mention"
2026-02-03T10:15:58.980Z [warn]: Duplicate content detected (exact match): "hi"
2026-02-03T10:15:59.391Z [warn]: Duplicate content detected (exact match): "word word word word word word word word word word word word word word word word word word word word word word word word word word word word word word word word word word word word word word word word word word word word word word word word word word word word word word word word word word word word word word word word word word word word word word word word word word word word word word word word word word word word word word word word word word word word word word word word word word word word word word word word word word word word word word word word word word word word word word word word word word word word word word word word word word word word word word word word word word word word word word word word word word word word word word word word word word word word word word word word word word word word word word word word word word word word word word word word word word word word word word word word word word word word word word word word word word word word word word word word word word word word word word word word word word word word word word word word word word word word word word word word word word word word word word word word word word word word word word word word word word word word word word word word word word word word word word word word word word word word word word word word word word word word word word word word word word word word word word word word word word word word word word word word word word word word word word word word word word word word word word word word word word word word word word word word word word word word word word word word word word word word word word word word word word word word word word word word word word word word word word word word word word word word word word word word word word word word word word word word word word word word word word word word word word word word word word word word word word word word word word word word word word word word word word word word word word word word word word word word word word word word word word word word word word word word word word word word word word word word word word word word word word word word word word word word word word word word word word word word word word word word word word word word word word word word word word word word word word word word word word word word word word word word word word word word word word word word word word word word word word word word word word word word word word word word word word word word word word word word word word word word word word word word word word word word word word word word word word word word word word word word word word word word word word word word word word word word word word word word word word word word word word word word word word word word word word word word word word word word word word word word word word word word word word word word word word word word word word word word word word word word word word word word word word word word word word word word word word word word word word word word word word word word word word word word word word word word word word word word word word word word word word word word word word word word word word word word word word word word word word word word word word word word word word word word word word word word word word word word word word word word word word word word word word word word word word word word word word word word word word word word word word word word word word word word word word word word word word word word word word word word word word word word word word word word word word word word word word word word word word word word word word word word word word word word word word word word word word word word word word word word word word word word word word word word word word word word word word word word word word word word word word word word word word word word word word word word word word word word word word word word word word word word word word word word word word word word word word word word word word word word word word word word word word word word word word word word word word word word word word word word word word word word word word word word word word word word word word word word word word word word word word word word word word word word word word word word word word word word word word word word word word word word word word word word word word word word word word word word word word word word word word word word word word word word word word word word word word word word word word word word word word word word word word word word word word word word word word word word word word word word word word word word word word word word word word word word word word word word word word word word word word word word word word word word word word word word word word word word word word word word word word word word word word word word word word word word word word word word word word word word word word word word word word word word word word word word word word word word "
2026-02-03T10:15:59.765Z [warn]: Duplicate content detected (exact match): "Σ╜áσÑ╜Σ╕ûτòî ≡ƒîì ┘à╪▒╪¡╪¿╪º ╪¿╪º┘ä╪╣╪º┘ä┘à"
2026-02-03T10:16:00.138Z [warn]: Duplicate content detected (exact match): "Line 1
Line 2
Line 3"
